
> neotoons-ai@0.0.0 build
> vite build

cmd : NODE_ENV=production is not supported in the .env file. Only 
NODE_ENV=development is supported to create a development build of your 
project. If you need to set process.env.NODE_ENV, you can set it in the Vite 
config instead.
At line:1 char:1
+ cmd /c npm run build > build_output.txt 2>&1 ;& type build_output.txt
+ ~~~~~~~~~~~~~~~~~~~~~~~~~~~~~~~~~~~~~~~~~~~~
    + CategoryInfo          : NotSpecified: (NODE_ENV=produc...config instead. 
   :String) [], RemoteException
    + FullyQualifiedErrorId : NativeCommandError
 
[36mvite v6.4.1 [32mbuilding for production...[36m[39m
transforming...
[32mΓ£ô[39m 3532 modules transformed.
rendering chunks...
computing gzip size...
[2mdist/[22m[32mindex.html                          [39m[1m[2m    0.40 kB[22m[1m[22m[2m Γöé gzip:   0.27 kB[22m
[2mdist/[22m[35massets/index-D2zP1n9f.css           [39m[1m[2m  178.78 kB[22m[1m[22m[2m Γöé gzip:  22.71 kB[22m
[2mdist/[22m[36massets/DatabaseManager-BeBFQvJB.js  [39m[1m[2m   11.36 kB[22m[1m[22m[2m Γöé gzip:   3.07 kB[22m
[2mdist/[22m[36massets/index-LJq2DoSy.js            [39m[1m[33m2,200.40 kB[39m[22m[2m Γöé gzip: 575.24 kB[22m
[33m
(!) Some chunks are larger than 500 kB after minification. Consider:
- Using dynamic import() to code-split the application
- Use build.rollupOptions.output.manualChunks to improve chunking: 
https://rollupjs.org/configuration-options/#output-manualchunks
- Adjust chunk size limit for this warning via 
build.chunkSizeWarningLimit.[39m
[32mΓ£ô built in 17.25s[39m
